Archive member included to satisfy reference by file (symbol)

c:/st/stm32cubeide_1.5.1/stm32cubeide/plugins/com.st.stm32cube.ide.mcu.externaltools.gnu-tools-for-stm32.9-2020-q2-update.win32_1.5.0.202011040924/tools/bin/../lib/gcc/arm-none-eabi/9.3.1/../../../../arm-none-eabi/lib/thumb/v6-m/nofp\libc_nano.a(lib_a-errno.o)
                              Core/Src/syscalls.o (__errno)
c:/st/stm32cubeide_1.5.1/stm32cubeide/plugins/com.st.stm32cube.ide.mcu.externaltools.gnu-tools-for-stm32.9-2020-q2-update.win32_1.5.0.202011040924/tools/bin/../lib/gcc/arm-none-eabi/9.3.1/../../../../arm-none-eabi/lib/thumb/v6-m/nofp\libc_nano.a(lib_a-exit.o)
                              c:/st/stm32cubeide_1.5.1/stm32cubeide/plugins/com.st.stm32cube.ide.mcu.externaltools.gnu-tools-for-stm32.9-2020-q2-update.win32_1.5.0.202011040924/tools/bin/../lib/gcc/arm-none-eabi/9.3.1/../../../../arm-none-eabi/lib/thumb/v6-m/nofp/crt0.o (exit)
c:/st/stm32cubeide_1.5.1/stm32cubeide/plugins/com.st.stm32cube.ide.mcu.externaltools.gnu-tools-for-stm32.9-2020-q2-update.win32_1.5.0.202011040924/tools/bin/../lib/gcc/arm-none-eabi/9.3.1/../../../../arm-none-eabi/lib/thumb/v6-m/nofp\libc_nano.a(lib_a-impure.o)
                              c:/st/stm32cubeide_1.5.1/stm32cubeide/plugins/com.st.stm32cube.ide.mcu.externaltools.gnu-tools-for-stm32.9-2020-q2-update.win32_1.5.0.202011040924/tools/bin/../lib/gcc/arm-none-eabi/9.3.1/../../../../arm-none-eabi/lib/thumb/v6-m/nofp\libc_nano.a(lib_a-exit.o) (_global_impure_ptr)
c:/st/stm32cubeide_1.5.1/stm32cubeide/plugins/com.st.stm32cube.ide.mcu.externaltools.gnu-tools-for-stm32.9-2020-q2-update.win32_1.5.0.202011040924/tools/bin/../lib/gcc/arm-none-eabi/9.3.1/../../../../arm-none-eabi/lib/thumb/v6-m/nofp\libc_nano.a(lib_a-init.o)
                              c:/st/stm32cubeide_1.5.1/stm32cubeide/plugins/com.st.stm32cube.ide.mcu.externaltools.gnu-tools-for-stm32.9-2020-q2-update.win32_1.5.0.202011040924/tools/bin/../lib/gcc/arm-none-eabi/9.3.1/../../../../arm-none-eabi/lib/thumb/v6-m/nofp/crt0.o (__libc_init_array)
c:/st/stm32cubeide_1.5.1/stm32cubeide/plugins/com.st.stm32cube.ide.mcu.externaltools.gnu-tools-for-stm32.9-2020-q2-update.win32_1.5.0.202011040924/tools/bin/../lib/gcc/arm-none-eabi/9.3.1/../../../../arm-none-eabi/lib/thumb/v6-m/nofp\libc_nano.a(lib_a-memset.o)
                              c:/st/stm32cubeide_1.5.1/stm32cubeide/plugins/com.st.stm32cube.ide.mcu.externaltools.gnu-tools-for-stm32.9-2020-q2-update.win32_1.5.0.202011040924/tools/bin/../lib/gcc/arm-none-eabi/9.3.1/../../../../arm-none-eabi/lib/thumb/v6-m/nofp/crt0.o (memset)
c:/st/stm32cubeide_1.5.1/stm32cubeide/plugins/com.st.stm32cube.ide.mcu.externaltools.gnu-tools-for-stm32.9-2020-q2-update.win32_1.5.0.202011040924/tools/bin/../lib/gcc/arm-none-eabi/9.3.1/thumb/v6-m/nofp\libgcc.a(_udivsi3.o)
                              Core/Src/system_stm32f0xx.o (__aeabi_uidiv)
c:/st/stm32cubeide_1.5.1/stm32cubeide/plugins/com.st.stm32cube.ide.mcu.externaltools.gnu-tools-for-stm32.9-2020-q2-update.win32_1.5.0.202011040924/tools/bin/../lib/gcc/arm-none-eabi/9.3.1/thumb/v6-m/nofp\libgcc.a(_dvmd_tls.o)
                              c:/st/stm32cubeide_1.5.1/stm32cubeide/plugins/com.st.stm32cube.ide.mcu.externaltools.gnu-tools-for-stm32.9-2020-q2-update.win32_1.5.0.202011040924/tools/bin/../lib/gcc/arm-none-eabi/9.3.1/thumb/v6-m/nofp\libgcc.a(_udivsi3.o) (__aeabi_idiv0)
c:/st/stm32cubeide_1.5.1/stm32cubeide/plugins/com.st.stm32cube.ide.mcu.externaltools.gnu-tools-for-stm32.9-2020-q2-update.win32_1.5.0.202011040924/tools/bin/../lib/gcc/arm-none-eabi/9.3.1/thumb/v6-m/nofp\libgcc.a(_arm_cmpdf2.o)
                              Drivers/CC1101/CC1101.o (__aeabi_dcmplt)
c:/st/stm32cubeide_1.5.1/stm32cubeide/plugins/com.st.stm32cube.ide.mcu.externaltools.gnu-tools-for-stm32.9-2020-q2-update.win32_1.5.0.202011040924/tools/bin/../lib/gcc/arm-none-eabi/9.3.1/thumb/v6-m/nofp\libgcc.a(_arm_cmpsf2.o)
                              Drivers/CC1101/CC1101.o (__aeabi_fcmpgt)
c:/st/stm32cubeide_1.5.1/stm32cubeide/plugins/com.st.stm32cube.ide.mcu.externaltools.gnu-tools-for-stm32.9-2020-q2-update.win32_1.5.0.202011040924/tools/bin/../lib/gcc/arm-none-eabi/9.3.1/thumb/v6-m/nofp\libgcc.a(addsf3.o)
                              Drivers/CC1101/CC1101.o (__aeabi_fadd)
c:/st/stm32cubeide_1.5.1/stm32cubeide/plugins/com.st.stm32cube.ide.mcu.externaltools.gnu-tools-for-stm32.9-2020-q2-update.win32_1.5.0.202011040924/tools/bin/../lib/gcc/arm-none-eabi/9.3.1/thumb/v6-m/nofp\libgcc.a(eqsf2.o)
                              c:/st/stm32cubeide_1.5.1/stm32cubeide/plugins/com.st.stm32cube.ide.mcu.externaltools.gnu-tools-for-stm32.9-2020-q2-update.win32_1.5.0.202011040924/tools/bin/../lib/gcc/arm-none-eabi/9.3.1/thumb/v6-m/nofp\libgcc.a(_arm_cmpsf2.o) (__eqsf2)
c:/st/stm32cubeide_1.5.1/stm32cubeide/plugins/com.st.stm32cube.ide.mcu.externaltools.gnu-tools-for-stm32.9-2020-q2-update.win32_1.5.0.202011040924/tools/bin/../lib/gcc/arm-none-eabi/9.3.1/thumb/v6-m/nofp\libgcc.a(gesf2.o)
[...]
Memory Configuration

Name             Origin             Length             Attributes
RAM              0x0000000020000000 0x0000000000001800 xrw
FLASH            0x0000000008000000 0x0000000000008000 xr
*default*        0x0000000000000000 0xffffffffffffffff

Linker script and memory map

LOAD c:/st/stm32cubeide_1.5.1/stm32cubeide/plugins/com.st.stm32cube.ide.mcu.externaltools.gnu-tools-for-stm32.9-2020-q2-update.win32_1.5.0.202011040924/tools/bin/../lib/gcc/arm-none-eabi/9.3.1/thumb/v6-m/nofp/crti.o
LOAD c:/st/stm32cubeide_1.5.1/stm32cubeide/plugins/com.st.stm32cube.ide.mcu.externaltools.gnu-tools-for-stm32.9-2020-q2-update.win32_1.5.0.202011040924/tools/bin/../lib/gcc/arm-none-eabi/9.3.1/thumb/v6-m/nofp/crtbegin.o
LOAD c:/st/stm32cubeide_1.5.1/stm32cubeide/plugins/com.st.stm32cube.ide.mcu.externaltools.gnu-tools-for-stm32.9-2020-q2-update.win32_1.5.0.202011040924/tools/bin/../lib/gcc/arm-none-eabi/9.3.1/../../../../arm-none-eabi/lib/thumb/v6-m/nofp/crt0.o
LOAD Core/Src/main.o
LOAD Core/Src/stm32f0xx_hal_msp.o
LOAD Core/Src/stm32f0xx_it.o
LOAD Core/Src/syscalls.o
LOAD Core/Src/sysmem.o
LOAD Core/Src/system_stm32f0xx.o
LOAD Core/Startup/startup_stm32f042f6px.o
LOAD Drivers/CC1101/CC1101.o
LOAD Drivers/CC1101/CC1101_port.o
LOAD Drivers/STM32F0xx_HAL_Driver/Src/stm32f0xx_hal.o
LOAD Drivers/STM32F0xx_HAL_Driver/Src/stm32f0xx_hal_cortex.o
LOAD Drivers/STM32F0xx_HAL_Driver/Src/stm32f0xx_hal_dma.o
LOAD Drivers/STM32F0xx_HAL_Driver/Src/stm32f0xx_hal_exti.o
LOAD Drivers/STM32F0xx_HAL_Driver/Src/stm32f0xx_hal_flash.o
LOAD Drivers/STM32F0xx_HAL_Driver/Src/stm32f0xx_hal_flash_ex.o
LOAD Drivers/STM32F0xx_HAL_Driver/Src/stm32f0xx_hal_gpio.o
LOAD Drivers/STM32F0xx_HAL_Driver/Src/stm32f0xx_hal_i2c.o
LOAD Drivers/STM32F0xx_HAL_Driver/Src/stm32f0xx_hal_i2c_ex.o
LOAD Drivers/STM32F0xx_HAL_Driver/Src/stm32f0xx_hal_pwr.o
LOAD Drivers/STM32F0xx_HAL_Driver/Src/stm32f0xx_hal_pwr_ex.o
LOAD Drivers/STM32F0xx_HAL_Driver/Src/stm32f0xx_hal_rcc.o
LOAD Drivers/STM32F0xx_HAL_Driver/Src/stm32f0xx_hal_rcc_ex.o
LOAD Drivers/STM32F0xx_HAL_Driver/Src/stm32f0xx_hal_spi.o
LOAD Drivers/STM32F0xx_HAL_Driver/Src/stm32f0xx_hal_spi_ex.o
LOAD Drivers/STM32F0xx_HAL_Driver/Src/stm32f0xx_hal_tim.o
LOAD Drivers/STM32F0xx_HAL_Driver/Src/stm32f0xx_hal_tim_ex.o
LOAD Drivers/STM32F0xx_HAL_Driver/Src/stm32f0xx_hal_uart.o
LOAD Drivers/STM32F0xx_HAL_Driver/Src/stm32f0xx_hal_uart_ex.o
START GROUP
LOAD c:/st/stm32cubeide_1.5.1/stm32cubeide/plugins/com.st.stm32cube.ide.mcu.externaltools.gnu-tools-for-stm32.9-2020-q2-update.win32_1.5.0.202011040924/tools/bin/../lib/gcc/arm-none-eabi/9.3.1/../../../../arm-none-eabi/lib/thumb/v6-m/nofp\libc_nano.a
LOAD c:/st/stm32cubeide_1.5.1/stm32cubeide/plugins/com.st.stm32cube.ide.mcu.externaltools.gnu-tools-for-stm32.9-2020-q2-update.win32_1.5.0.202011040924/tools/bin/../lib/gcc/arm-none-eabi/9.3.1/../../../../arm-none-eabi/lib/thumb/v6-m/nofp\libm.a
END GROUP
START GROUP
LOAD c:/st/stm32cubeide_1.5.1/stm32cubeide/plugins/com.st.stm32cube.ide.mcu.externaltools.gnu-tools-for-stm32.9-2020-q2-update.win32_1.5.0.202011040924/tools/bin/../lib/gcc/arm-none-eabi/9.3.1/thumb/v6-m/nofp\libgcc.a
LOAD c:/st/stm32cubeide_1.5.1/stm32cubeide/plugins/com.st.stm32cube.ide.mcu.externaltools.gnu-tools-for-stm32.9-2020-q2-update.win32_1.5.0.202011040924/tools/bin/../lib/gcc/arm-none-eabi/9.3.1/../../../../arm-none-eabi/lib/thumb/v6-m/nofp\libc_nano.a
END GROUP
START GROUP
LOAD c:/st/stm32cubeide_1.5.1/stm32cubeide/plugins/com.st.stm32cube.ide.mcu.externaltools.gnu-tools-for-stm32.9-2020-q2-update.win32_1.5.0.202011040924/tools/bin/../lib/gcc/arm-none-eabi/9.3.1/thumb/v6-m/nofp\libgcc.a
LOAD c:/st/stm32cubeide_1.5.1/stm32cubeide/plugins/com.st.stm32cube.ide.mcu.externaltools.gnu-tools-for-stm32.9-2020-q2-update.win32_1.5.0.202011040924/tools/bin/../lib/gcc/arm-none-eabi/9.3.1/../../../../arm-none-eabi/lib/thumb/v6-m/nofp\libc_nano.a
LOAD c:/st/stm32cubeide_1.5.1/stm32cubeide/plugins/com.st.stm32cube.ide.mcu.externaltools.gnu-tools-for-stm32.9-2020-q2-update.win32_1.5.0.202011040924/tools/bin/../lib/gcc/arm-none-eabi/9.3.1/../../../../arm-none-eabi/lib/thumb/v6-m/nofp\libnosys.a
END GROUP
START GROUP
LOAD c:/st/stm32cubeide_1.5.1/stm32cubeide/plugins/com.st.stm32cube.ide.mcu.externaltools.gnu-tools-for-stm32.9-2020-q2-update.win32_1.5.0.202011040924/tools/bin/../lib/gcc/arm-none-eabi/9.3.1/thumb/v6-m/nofp\libgcc.a
LOAD c:/st/stm32cubeide_1.5.1/stm32cubeide/plugins/com.st.stm32cube.ide.mcu.externaltools.gnu-tools-for-stm32.9-2020-q2-update.win32_1.5.0.202011040924/tools/bin/../lib/gcc/arm-none-eabi/9.3.1/../../../../arm-none-eabi/lib/thumb/v6-m/nofp\libc_nano.a
LOAD c:/st/stm32cubeide_1.5.1/stm32cubeide/plugins/com.st.stm32cube.ide.mcu.externaltools.gnu-tools-for-stm32.9-2020-q2-update.win32_1.5.0.202011040924/tools/bin/../lib/gcc/arm-none-eabi/9.3.1/../../../../arm-none-eabi/lib/thumb/v6-m/nofp\libnosys.a
END GROUP
LOAD c:/st/stm32cubeide_1.5.1/stm32cubeide/plugins/com.st.stm32cube.ide.mcu.externaltools.gnu-tools-for-stm32.9-2020-q2-update.win32_1.5.0.202011040924/tools/bin/../lib/gcc/arm-none-eabi/9.3.1/thumb/v6-m/nofp/crtend.o
LOAD c:/st/stm32cubeide_1.5.1/stm32cubeide/plugins/com.st.stm32cube.ide.mcu.externaltools.gnu-tools-for-stm32.9-2020-q2-update.win32_1.5.0.202011040924/tools/bin/../lib/gcc/arm-none-eabi/9.3.1/thumb/v6-m/nofp/crtn.o
                0x0000000020001800                _estack = (ORIGIN (RAM) + LENGTH (RAM))
                0x0000000000000200                _Min_Heap_Size = 0x200
                0x0000000000000400                _Min_Stack_Size = 0x400

.isr_vector     0x0000000008000000       0xc0
                0x0000000008000000                . = ALIGN (0x4)
 *(.isr_vector)
 .isr_vector    0x0000000008000000       0xc0 Core/Startup/startup_stm32f042f6px.o
                0x0000000008000000                g_pfnVectors
                0x00000000080000c0                . = ALIGN (0x4)

.text           0x00000000080000c0     0x40e0
                0x00000000080000c0                . = ALIGN (0x4)
 *(.text)
 .text          0x00000000080000c0       0x48 c:/st/stm32cubeide_1.5.1/stm32cubeide/plugins/com.st.stm32cube.ide.mcu.externaltools.gnu-tools-for-stm32.9-2020-q2-update.win32_1.5.0.202011040924/tools/bin/../lib/gcc/arm-none-eabi/9.3.1/thumb/v6-m/nofp/crtbegin.o
 .text          0x0000000008000108      0x114 c:/st/stm32cubeide_1.5.1/stm32cubeide/plugins/com.st.stm32cube.ide.mcu.externaltools.gnu-tools-for-stm32.9-2020-q2-update.win32_1.5.0.202011040924/tools/bin/../lib/gcc/arm-none-eabi/9.3.1/thumb/v6-m/nofp\libgcc.a(_udivsi3.o)
                0x0000000008000108                __aeabi_uidiv
                0x0000000008000108                __udivsi3
                0x0000000008000214                __aeabi_uidivmod
 .text          0x000000000800021c        0x4 c:/st/stm32cubeide_1.5.1/stm32cubeide/plugins/com.st.stm32cube.ide.mcu.externaltools.gnu-tools-for-stm32.9-2020-q2-update.win32_1.5.0.202011040924/tools/bin/../lib/gcc/arm-none-eabi/9.3.1/thumb/v6-m/nofp\libgcc.a(_dvmd_tls.o)
                0x000000000800021c                __aeabi_idiv0
                0x000000000800021c                __aeabi_ldiv0
 *(.text*)
 .text.RED_Blink
                0x0000000008000220       0x62 Core/Src/main.o
                0x0000000008000220                RED_Blink
 .text.GREEN_Blink
                0x0000000008000282       0x62 Core/Src/main.o
                0x0000000008000282                GREEN_Blink
 .text.main     0x00000000080002e4       0xd0 Core/Src/main.o
                0x00000000080002e4                main
 .text.SystemClock_Config
                0x00000000080003b4       0xc2 Core/Src/main.o
                0x00000000080003b4                SystemClock_Config
 *fill*         0x0000000008000476        0x2 
 .text.MX_SPI1_Init
                0x0000000008000478       0x7c Core/Src/main.o
 .text.MX_TIM1_Init
                0x00000000080004f4       0xb0 Core/Src/main.o
 .text.MX_USART1_UART_Init
                0x00000000080005a4       0x60 Core/Src/main.o
 .text.MX_GPIO_Init
                0x0000000008000604      0x10c Core/Src/main.o
 .text.Error_Handler
                0x0000000008000710        0xa Core/Src/main.o
                0x0000000008000710                Error_Handler
 *fill*         0x000000000800071a        0x2 
 .text.HAL_MspInit
                0x000000000800071c       0x48 Core/Src/stm32f0xx_hal_msp.o
                0x000000000800071c                HAL_MspInit
 .text.HAL_SPI_MspInit
                0x0000000008000764       0x98 Core/Src/stm32f0xx_hal_msp.o
                0x0000000008000764                HAL_SPI_MspInit
 .text.HAL_TIM_Base_MspInit
                0x00000000080007fc       0x50 Core/Src/stm32f0xx_hal_msp.o
                0x00000000080007fc                HAL_TIM_Base_MspInit
 .text.HAL_UART_MspInit
                0x000000000800084c       0xac Core/Src/stm32f0xx_hal_msp.o
                0x000000000800084c                HAL_UART_MspInit
 .text.NMI_Handler
                0x00000000080008f8        0x6 Core/Src/stm32f0xx_it.o
                0x00000000080008f8                NMI_Handler
 .text.HardFault_Handler
                0x00000000080008fe        0x6 Core/Src/stm32f0xx_it.o
                0x00000000080008fe                HardFault_Handler
 .text.SVC_Handler
                0x0000000008000904        0xa Core/Src/stm32f0xx_it.o
                0x0000000008000904                SVC_Handler
 .text.PendSV_Handler
                0x000000000800090e        0xa Core/Src/stm32f0xx_it.o
                0x000000000800090e                PendSV_Handler
 .text.SysTick_Handler
                0x0000000008000918        0xe Core/Src/stm32f0xx_it.o
                0x0000000008000918                SysTick_Handler
 *fill*         0x0000000008000926        0x2 
 .text.TIM1_BRK_UP_TRG_COM_IRQHandler
                0x0000000008000928       0x18 Core/Src/stm32f0xx_it.o
                0x0000000008000928                TIM1_BRK_UP_TRG_COM_IRQHandler
 .text.USART1_IRQHandler
                0x0000000008000940       0x18 Core/Src/stm32f0xx_it.o
                0x0000000008000940                USART1_IRQHandler
 .text.SystemInit
                0x0000000008000958        0xa Core/Src/system_stm32f0xx.o
                0x0000000008000958                SystemInit
 *fill*         0x0000000008000962        0x2 
 .text.Reset_Handler
                0x0000000008000964       0x80 Core/Startup/startup_stm32f042f6px.o
                0x0000000008000964                Reset_Handler
 .text.Default_Handler
                0x00000000080009e4        0x2 Core/Startup/startup_stm32f042f6px.o
                0x00000000080009e4                TIM1_CC_IRQHandler
                0x00000000080009e4                TSC_IRQHandler
                0x00000000080009e4                I2C1_IRQHandler
                0x00000000080009e4                RCC_CRS_IRQHandler
                0x00000000080009e4                SPI1_IRQHandler
                0x00000000080009e4                EXTI2_3_IRQHandler
                0x00000000080009e4                ADC1_IRQHandler
                0x00000000080009e4                TIM17_IRQHandler
                0x00000000080009e4                CEC_CAN_IRQHandler
                0x00000000080009e4                RTC_IRQHandler
                0x00000000080009e4                PVD_VDDIO2_IRQHandler
                0x00000000080009e4                TIM16_IRQHandler
                0x00000000080009e4                TIM3_IRQHandler
                0x00000000080009e4                EXTI4_15_IRQHandler
                0x00000000080009e4                DMA1_Channel1_IRQHandler
                0x00000000080009e4                Default_Handler
                0x00000000080009e4                TIM14_IRQHandler
                0x00000000080009e4                DMA1_Channel4_5_IRQHandler
                0x00000000080009e4                EXTI0_1_IRQHandler
                0x00000000080009e4                USB_IRQHandler
                0x00000000080009e4                SPI2_IRQHandler
                0x00000000080009e4                WWDG_IRQHandler
                0x00000000080009e4                TIM2_IRQHandler
                0x00000000080009e4                DMA1_Channel2_3_IRQHandler
                0x00000000080009e4                USART2_IRQHandler
                0x00000000080009e4                FLASH_IRQHandler
 .text.CC1101_GPIO_Prepare
                0x00000000080009e6       0x10 Drivers/CC1101/CC1101.o
                0x00000000080009e6                CC1101_GPIO_Prepare
 *fill*         0x00000000080009f6        0x2 
 .text.CC1101_Init
                0x00000000080009f8       0x44 Drivers/CC1101/CC1101.o
                0x00000000080009f8                CC1101_Init
 .text.CC1101_TransmitPacketPooling
                0x0000000008000a3c       0xa8 Drivers/CC1101/CC1101.o
                0x0000000008000a3c                CC1101_TransmitPacketPooling
 .text.CC1101_GoToRX
                0x0000000008000ae4       0x18 Drivers/CC1101/CC1101.o
                0x0000000008000ae4                CC1101_GoToRX
 .text.CC1101_IsDataAvailable
                0x0000000008000afc       0x3e Drivers/CC1101/CC1101.o
                0x0000000008000afc                CC1101_IsDataAvailable
 .text.CC1101_ReadPacket
                0x0000000008000b3a       0x82 Drivers/CC1101/CC1101.o
                0x0000000008000b3a                CC1101_ReadPacket
 .text.CC1101_ToIddle
                0x0000000008000bbc       0x12 Drivers/CC1101/CC1101.o
                0x0000000008000bbc                CC1101_ToIddle
 *fill*         0x0000000008000bce        0x2 
 .text.CC1101_SetISMband
                0x0000000008000bd0      0x10c Drivers/CC1101/CC1101.o
                0x0000000008000bd0                CC1101_SetISMband
 .text.CC1101_SetTXPower
                0x0000000008000cdc       0x3e Drivers/CC1101/CC1101.o
                0x0000000008000cdc                CC1101_SetTXPower
 .text.CC1101_SetPacketLengthMode
                0x0000000008000d1a       0x84 Drivers/CC1101/CC1101.o
                0x0000000008000d1a                CC1101_SetPacketLengthMode
 .text.CC1101_SetAutoFlushRX
                0x0000000008000d9e       0x52 Drivers/CC1101/CC1101.o
                0x0000000008000d9e                CC1101_SetAutoFlushRX
 .text.CC1101_SetCalibr
                0x0000000008000df0       0x52 Drivers/CC1101/CC1101.o
                0x0000000008000df0                CC1101_SetCalibr
 .text.CC1101_SetCRCmode
                0x0000000008000e42       0x4c Drivers/CC1101/CC1101.o
                0x0000000008000e42                CC1101_SetCRCmode
 .text.__CC1101_ReadReg
                0x0000000008000e8e       0x54 Drivers/CC1101/CC1101.o
                0x0000000008000e8e                __CC1101_ReadReg
 .text.__CC1101_WriteReg
                0x0000000008000ee2       0x42 Drivers/CC1101/CC1101.o
                0x0000000008000ee2                __CC1101_WriteReg
 .text.__CC1101_BurstReadReg
                0x0000000008000f24       0x6c Drivers/CC1101/CC1101.o
                0x0000000008000f24                __CC1101_BurstReadReg
 .text.__CC1101_BurstWriteReg
                0x0000000008000f90       0x74 Drivers/CC1101/CC1101.o
                0x0000000008000f90                __CC1101_BurstWriteReg
 .text.__CC1101_WriteCMD
                0x0000000008001004       0x26 Drivers/CC1101/CC1101.o
                0x0000000008001004                __CC1101_WriteCMD
 .text.__CC1101_ReadStatusRegs
                0x000000000800102a       0x48 Drivers/CC1101/CC1101.o
                0x000000000800102a                __CC1101_ReadStatusRegs
 *fill*         0x0000000008001072        0x2 
 .text.___CC1101_USER_SPI_TxRx
                0x0000000008001074       0x38 Drivers/CC1101/CC1101_port.o
                0x0000000008001074                ___CC1101_USER_SPI_TxRx
 .text.___CC1101_USER_CS_High
                0x00000000080010ac       0x1c Drivers/CC1101/CC1101_port.o
                0x00000000080010ac                ___CC1101_USER_CS_High
 .text.___CC1101_USER_CS_Low
                0x00000000080010c8       0x1c Drivers/CC1101/CC1101_port.o
                0x00000000080010c8                ___CC1101_USER_CS_Low
 .text.HAL_Init
                0x00000000080010e4       0x28 Drivers/STM32F0xx_HAL_Driver/Src/stm32f0xx_hal.o
                0x00000000080010e4                HAL_Init
 .text.HAL_InitTick
                0x000000000800110c       0x68 Drivers/STM32F0xx_HAL_Driver/Src/stm32f0xx_hal.o
                0x000000000800110c                HAL_InitTick
 .text.HAL_IncTick
                0x0000000008001174       0x24 Drivers/STM32F0xx_HAL_Driver/Src/stm32f0xx_hal.o
                0x0000000008001174                HAL_IncTick
 .text.HAL_GetTick
                0x0000000008001198       0x14 Drivers/STM32F0xx_HAL_Driver/Src/stm32f0xx_hal.o
                0x0000000008001198                HAL_GetTick
 .text.HAL_Delay
                0x00000000080011ac       0x48 Drivers/STM32F0xx_HAL_Driver/Src/stm32f0xx_hal.o
                0x00000000080011ac                HAL_Delay
 .text.__NVIC_EnableIRQ
                0x00000000080011f4       0x34 Drivers/STM32F0xx_HAL_Driver/Src/stm32f0xx_hal_cortex.o
 .text.__NVIC_SetPriority
                0x0000000008001228       0xdc Drivers/STM32F0xx_HAL_Driver/Src/stm32f0xx_hal_cortex.o
 .text.SysTick_Config
                0x0000000008001304       0x48 Drivers/STM32F0xx_HAL_Driver/Src/stm32f0xx_hal_cortex.o
 .text.HAL_NVIC_SetPriority
                0x000000000800134c       0x2a Drivers/STM32F0xx_HAL_Driver/Src/stm32f0xx_hal_cortex.o
                0x000000000800134c                HAL_NVIC_SetPriority
 .text.HAL_NVIC_EnableIRQ
                0x0000000008001376       0x20 Drivers/STM32F0xx_HAL_Driver/Src/stm32f0xx_hal_cortex.o
                0x0000000008001376                HAL_NVIC_EnableIRQ
 .text.HAL_SYSTICK_Config
                0x0000000008001396       0x1a Drivers/STM32F0xx_HAL_Driver/Src/stm32f0xx_hal_cortex.o
                0x0000000008001396                HAL_SYSTICK_Config
 .text.HAL_DMA_Abort
                0x00000000080013b0       0x70 Drivers/STM32F0xx_HAL_Driver/Src/stm32f0xx_hal_dma.o
                0x00000000080013b0                HAL_DMA_Abort
 .text.HAL_DMA_Abort_IT
                0x0000000008001420       0x8a Drivers/STM32F0xx_HAL_Driver/Src/stm32f0xx_hal_dma.o
                0x0000000008001420                HAL_DMA_Abort_IT
 *fill*         0x00000000080014aa        0x2 
 .text.HAL_GPIO_Init
                0x00000000080014ac      0x2d0 Drivers/STM32F0xx_HAL_Driver/Src/stm32f0xx_hal_gpio.o
                0x00000000080014ac                HAL_GPIO_Init
 .text.HAL_GPIO_WritePin
                0x000000000800177c       0x3a Drivers/STM32F0xx_HAL_Driver/Src/stm32f0xx_hal_gpio.o
                0x000000000800177c                HAL_GPIO_WritePin
 *fill*         0x00000000080017b6        0x2 
 .text.HAL_RCC_OscConfig
                0x00000000080017b8      0x70c Drivers/STM32F0xx_HAL_Driver/Src/stm32f0xx_hal_rcc.o
                0x00000000080017b8                HAL_RCC_OscConfig
 .text.HAL_RCC_ClockConfig
                0x0000000008001ec4      0x1b4 Drivers/STM32F0xx_HAL_Driver/Src/stm32f0xx_hal_rcc.o
                0x0000000008001ec4                HAL_RCC_ClockConfig
 .text.HAL_RCC_GetSysClockFreq
                0x0000000008002078      0x100 Drivers/STM32F0xx_HAL_Driver/Src/stm32f0xx_hal_rcc.o
                0x0000000008002078                HAL_RCC_GetSysClockFreq
 .text.HAL_RCC_GetHCLKFreq
                0x0000000008002178       0x14 Drivers/STM32F0xx_HAL_Driver/Src/stm32f0xx_hal_rcc.o
                0x0000000008002178                HAL_RCC_GetHCLKFreq
 .text.HAL_RCC_GetPCLK1Freq
                0x000000000800218c       0x2c Drivers/STM32F0xx_HAL_Driver/Src/stm32f0xx_hal_rcc.o
                0x000000000800218c                HAL_RCC_GetPCLK1Freq
 .text.HAL_RCCEx_PeriphCLKConfig
                0x00000000080021b8      0x1dc Drivers/STM32F0xx_HAL_Driver/Src/stm32f0xx_hal_rcc_ex.o
                0x00000000080021b8                HAL_RCCEx_PeriphCLKConfig
 .text.HAL_SPI_Init
                0x0000000008002394      0x170 Drivers/STM32F0xx_HAL_Driver/Src/stm32f0xx_hal_spi.o
                0x0000000008002394                HAL_SPI_Init
 .text.HAL_SPI_TransmitReceive
                0x0000000008002504      0x3a4 Drivers/STM32F0xx_HAL_Driver/Src/stm32f0xx_hal_spi.o
                0x0000000008002504                HAL_SPI_TransmitReceive
 .text.SPI_WaitFlagStateUntilTimeout
                0x00000000080028a8      0x11c Drivers/STM32F0xx_HAL_Driver/Src/stm32f0xx_hal_spi.o
 .text.SPI_WaitFifoStateUntilTimeout
                0x00000000080029c4      0x144 Drivers/STM32F0xx_HAL_Driver/Src/stm32f0xx_hal_spi.o
 .text.SPI_EndRxTxTransaction
                0x0000000008002b08       0x8c Drivers/STM32F0xx_HAL_Driver/Src/stm32f0xx_hal_spi.o
 .text.HAL_TIM_Base_Init
                0x0000000008002b94       0xa0 Drivers/STM32F0xx_HAL_Driver/Src/stm32f0xx_hal_tim.o
                0x0000000008002b94                HAL_TIM_Base_Init
 .text.HAL_TIM_IRQHandler
                0x0000000008002c34      0x22c Drivers/STM32F0xx_HAL_Driver/Src/stm32f0xx_hal_tim.o
                0x0000000008002c34                HAL_TIM_IRQHandler
 .text.HAL_TIM_ConfigClockSource
                0x0000000008002e60      0x1a8 Drivers/STM32F0xx_HAL_Driver/Src/stm32f0xx_hal_tim.o
                0x0000000008002e60                HAL_TIM_ConfigClockSource
 .text.HAL_TIM_PeriodElapsedCallback
                0x0000000008003008       0x10 Drivers/STM32F0xx_HAL_Driver/Src/stm32f0xx_hal_tim.o
                0x0000000008003008                HAL_TIM_PeriodElapsedCallback
 .text.HAL_TIM_OC_DelayElapsedCallback
                0x0000000008003018       0x10 Drivers/STM32F0xx_HAL_Driver/Src/stm32f0xx_hal_tim.o
                0x0000000008003018                HAL_TIM_OC_DelayElapsedCallback
 .text.HAL_TIM_IC_CaptureCallback
                0x0000000008003028       0x10 Drivers/STM32F0xx_HAL_Driver/Src/stm32f0xx_hal_tim.o
                0x0000000008003028                HAL_TIM_IC_CaptureCallback
 .text.HAL_TIM_PWM_PulseFinishedCallback
                0x0000000008003038       0x10 Drivers/STM32F0xx_HAL_Driver/Src/stm32f0xx_hal_tim.o
                0x0000000008003038                HAL_TIM_PWM_PulseFinishedCallback
 .text.HAL_TIM_TriggerCallback
                0x0000000008003048       0x10 Drivers/STM32F0xx_HAL_Driver/Src/stm32f0xx_hal_tim.o
                0x0000000008003048                HAL_TIM_TriggerCallback
 .text.TIM_Base_SetConfig
                0x0000000008003058       0xec Drivers/STM32F0xx_HAL_Driver/Src/stm32f0xx_hal_tim.o
                0x0000000008003058                TIM_Base_SetConfig
 .text.TIM_TI1_ConfigInputStage
                0x0000000008003144       0x5c Drivers/STM32F0xx_HAL_Driver/Src/stm32f0xx_hal_tim.o
 .text.TIM_TI2_ConfigInputStage
                0x00000000080031a0       0x64 Drivers/STM32F0xx_HAL_Driver/Src/stm32f0xx_hal_tim.o
 .text.TIM_ITRx_SetConfig
                0x0000000008003204       0x32 Drivers/STM32F0xx_HAL_Driver/Src/stm32f0xx_hal_tim.o
 *fill*         0x0000000008003236        0x2 
 .text.TIM_ETR_SetConfig
                0x0000000008003238       0x40 Drivers/STM32F0xx_HAL_Driver/Src/stm32f0xx_hal_tim.o
                0x0000000008003238                TIM_ETR_SetConfig
 .text.HAL_TIMEx_MasterConfigSynchronization
                0x0000000008003278       0xb0 Drivers/STM32F0xx_HAL_Driver/Src/stm32f0xx_hal_tim_ex.o
                0x0000000008003278                HAL_TIMEx_MasterConfigSynchronization
 .text.HAL_TIMEx_CommutCallback
                0x0000000008003328       0x10 Drivers/STM32F0xx_HAL_Driver/Src/stm32f0xx_hal_tim_ex.o
                0x0000000008003328                HAL_TIMEx_CommutCallback
 .text.HAL_TIMEx_BreakCallback
                0x0000000008003338       0x10 Drivers/STM32F0xx_HAL_Driver/Src/stm32f0xx_hal_tim_ex.o
                0x0000000008003338                HAL_TIMEx_BreakCallback
 .text.HAL_UART_Init
                0x0000000008003348       0xa8 Drivers/STM32F0xx_HAL_Driver/Src/stm32f0xx_hal_uart.o
                0x0000000008003348                HAL_UART_Init
 .text.HAL_UART_IRQHandler
                0x00000000080033f0      0x5b0 Drivers/STM32F0xx_HAL_Driver/Src/stm32f0xx_hal_uart.o
                0x00000000080033f0                HAL_UART_IRQHandler
 .text.HAL_UART_TxCpltCallback
                0x00000000080039a0       0x10 Drivers/STM32F0xx_HAL_Driver/Src/stm32f0xx_hal_uart.o
                0x00000000080039a0                HAL_UART_TxCpltCallback
 .text.HAL_UART_ErrorCallback
                0x00000000080039b0       0x10 Drivers/STM32F0xx_HAL_Driver/Src/stm32f0xx_hal_uart.o
                0x00000000080039b0                HAL_UART_ErrorCallback
 .text.HAL_UARTEx_RxEventCallback
                0x00000000080039c0       0x16 Drivers/STM32F0xx_HAL_Driver/Src/stm32f0xx_hal_uart.o
                0x00000000080039c0                HAL_UARTEx_RxEventCallback
 *fill*         0x00000000080039d6        0x2 
 .text.UART_SetConfig
                0x00000000080039d8      0x280 Drivers/STM32F0xx_HAL_Driver/Src/stm32f0xx_hal_uart.o
                0x00000000080039d8                UART_SetConfig
 .text.UART_AdvFeatureConfig
                0x0000000008003c58      0x168 Drivers/STM32F0xx_HAL_Driver/Src/stm32f0xx_hal_uart.o
                0x0000000008003c58                UART_AdvFeatureConfig
 .text.UART_CheckIdleState
                0x0000000008003dc0       0x90 Drivers/STM32F0xx_HAL_Driver/Src/stm32f0xx_hal_uart.o
                0x0000000008003dc0                UART_CheckIdleState
 .text.UART_WaitOnFlagUntilTimeout
                0x0000000008003e50      0x188 Drivers/STM32F0xx_HAL_Driver/Src/stm32f0xx_hal_uart.o
                0x0000000008003e50                UART_WaitOnFlagUntilTimeout
 .text.UART_EndRxTransfer
                0x0000000008003fd8       0xc4 Drivers/STM32F0xx_HAL_Driver/Src/stm32f0xx_hal_uart.o
 .text.UART_DMAAbortOnError
                0x000000000800409c       0x2e Drivers/STM32F0xx_HAL_Driver/Src/stm32f0xx_hal_uart.o
 .text.UART_EndTransmit_IT
                0x00000000080040ca       0x56 Drivers/STM32F0xx_HAL_Driver/Src/stm32f0xx_hal_uart.o
 .text.HAL_UARTEx_WakeupCallback
                0x0000000008004120       0x10 Drivers/STM32F0xx_HAL_Driver/Src/stm32f0xx_hal_uart_ex.o
                0x0000000008004120                HAL_UARTEx_WakeupCallback
 .text.__libc_init_array
                0x0000000008004130       0x48 c:/st/stm32cubeide_1.5.1/stm32cubeide/plugins/com.st.stm32cube.ide.mcu.externaltools.gnu-tools-for-stm32.9-2020-q2-update.win32_1.5.0.202011040924/tools/bin/../lib/gcc/arm-none-eabi/9.3.1/../../../../arm-none-eabi/lib/thumb/v6-m/nofp\libc_nano.a(lib_a-init.o)
                0x0000000008004130                __libc_init_array
 .text.memset   0x0000000008004178       0x10 c:/st/stm32cubeide_1.5.1/stm32cubeide/plugins/com.st.stm32cube.ide.mcu.externaltools.gnu-tools-for-stm32.9-2020-q2-update.win32_1.5.0.202011040924/tools/bin/../lib/gcc/arm-none-eabi/9.3.1/../../../../arm-none-eabi/lib/thumb/v6-m/nofp\libc_nano.a(lib_a-memset.o)
                0x0000000008004178                memset
 *(.glue_7)
 .glue_7        0x0000000008004188        0x0 linker stubs
 *(.glue_7t)
 .glue_7t       0x0000000008004188        0x0 linker stubs
 *(.eh_frame)
 .eh_frame      0x0000000008004188        0x0 c:/st/stm32cubeide_1.5.1/stm32cubeide/plugins/com.st.stm32cube.ide.mcu.externaltools.gnu-tools-for-stm32.9-2020-q2-update.win32_1.5.0.202011040924/tools/bin/../lib/gcc/arm-none-eabi/9.3.1/thumb/v6-m/nofp/crtbegin.o
 *(.init)
 .init          0x0000000008004188        0x4 c:/st/stm32cubeide_1.5.1/stm32cubeide/plugins/com.st.stm32cube.ide.mcu.externaltools.gnu-tools-for-stm32.9-2020-q2-update.win32_1.5.0.202011040924/tools/bin/../lib/gcc/arm-none-eabi/9.3.1/thumb/v6-m/nofp/crti.o
                0x0000000008004188                _init
 .init          0x000000000800418c        0x8 c:/st/stm32cubeide_1.5.1/stm32cubeide/plugins/com.st.stm32cube.ide.mcu.externaltools.gnu-tools-for-stm32.9-2020-q2-update.win32_1.5.0.202011040924/tools/bin/../lib/gcc/arm-none-eabi/9.3.1/thumb/v6-m/nofp/crtn.o
 *(.fini)
 .fini          0x0000000008004194        0x4 c:/st/stm32cubeide_1.5.1/stm32cubeide/plugins/com.st.stm32cube.ide.mcu.externaltools.gnu-tools-for-stm32.9-2020-q2-update.win32_1.5.0.202011040924/tools/bin/../lib/gcc/arm-none-eabi/9.3.1/thumb/v6-m/nofp/crti.o
                0x0000000008004194                _fini
 .fini          0x0000000008004198        0x8 c:/st/stm32cubeide_1.5.1/stm32cubeide/plugins/com.st.stm32cube.ide.mcu.externaltools.gnu-tools-for-stm32.9-2020-q2-update.win32_1.5.0.202011040924/tools/bin/../lib/gcc/arm-none-eabi/9.3.1/thumb/v6-m/nofp/crtn.o
                0x00000000080041a0                . = ALIGN (0x4)
                0x00000000080041a0                _etext = .

.vfp11_veneer   0x00000000080041a0        0x0
 .vfp11_veneer  0x00000000080041a0        0x0 linker stubs

.v4_bx          0x00000000080041a0        0x0
 .v4_bx         0x00000000080041a0        0x0 linker stubs

.iplt           0x00000000080041a0        0x0
 .iplt          0x00000000080041a0        0x0 c:/st/stm32cubeide_1.5.1/stm32cubeide/plugins/com.st.stm32cube.ide.mcu.externaltools.gnu-tools-for-stm32.9-2020-q2-update.win32_1.5.0.202011040924/tools/bin/../lib/gcc/arm-none-eabi/9.3.1/thumb/v6-m/nofp/crtbegin.o

.rodata         0x00000000080041a0       0x58
                0x00000000080041a0                . = ALIGN (0x4)
 *(.rodata)
 .rodata        0x00000000080041a0       0x20 Drivers/STM32F0xx_HAL_Driver/Src/stm32f0xx_hal_rcc.o
 *(.rodata*)
 .rodata.AHBPrescTable
                0x00000000080041c0       0x10 Core/Src/system_stm32f0xx.o
                0x00000000080041c0                AHBPrescTable
 .rodata.APBPrescTable
                0x00000000080041d0        0x8 Core/Src/system_stm32f0xx.o
                0x00000000080041d0                APBPrescTable
 .rodata.patable_power_315
                0x00000000080041d8        0x8 Drivers/CC1101/CC1101.o
                0x00000000080041d8                patable_power_315
 .rodata.patable_power_433
                0x00000000080041e0        0x8 Drivers/CC1101/CC1101.o
                0x00000000080041e0                patable_power_433
 .rodata.patable_power_868
                0x00000000080041e8        0x8 Drivers/CC1101/CC1101.o
                0x00000000080041e8                patable_power_868
 .rodata.patable_power_915
                0x00000000080041f0        0x8 Drivers/CC1101/CC1101.o
                0x00000000080041f0                patable_power_915
                0x00000000080041f8                . = ALIGN (0x4)

.rel.dyn        0x00000000080041f8        0x0
 .rel.iplt      0x00000000080041f8        0x0 c:/st/stm32cubeide_1.5.1/stm32cubeide/plugins/com.st.stm32cube.ide.mcu.externaltools.gnu-tools-for-stm32.9-2020-q2-update.win32_1.5.0.202011040924/tools/bin/../lib/gcc/arm-none-eabi/9.3.1/thumb/v6-m/nofp/crtbegin.o

.ARM.extab      0x00000000080041f8        0x0
                0x00000000080041f8                . = ALIGN (0x4)
 *(.ARM.extab* .gnu.linkonce.armextab.*)
                0x00000000080041f8                . = ALIGN (0x4)

.ARM            0x00000000080041f8        0x0
                0x00000000080041f8                . = ALIGN (0x4)
                0x00000000080041f8                __exidx_start = .
 *(.ARM.exidx*)
                0x00000000080041f8                __exidx_end = .
                0x00000000080041f8                . = ALIGN (0x4)

.preinit_array  0x00000000080041f8        0x0
                0x00000000080041f8                . = ALIGN (0x4)
                0x00000000080041f8                PROVIDE (__preinit_array_start = .)
 *(.preinit_array*)
                0x00000000080041f8                PROVIDE (__preinit_array_end = .)
                0x00000000080041f8                . = ALIGN (0x4)

.init_array     0x00000000080041f8        0x4
                0x00000000080041f8                . = ALIGN (0x4)
                0x00000000080041f8                PROVIDE (__init_array_start = .)
 *(SORT_BY_NAME(.init_array.*))
 *(.init_array*)
 .init_array    0x00000000080041f8        0x4 c:/st/stm32cubeide_1.5.1/stm32cubeide/plugins/com.st.stm32cube.ide.mcu.externaltools.gnu-tools-for-stm32.9-2020-q2-update.win32_1.5.0.202011040924/tools/bin/../lib/gcc/arm-none-eabi/9.3.1/thumb/v6-m/nofp/crtbegin.o
                0x00000000080041fc                PROVIDE (__init_array_end = .)
                0x00000000080041fc                . = ALIGN (0x4)

.fini_array     0x00000000080041fc        0x4
                0x00000000080041fc                . = ALIGN (0x4)
                [!provide]                        PROVIDE (__fini_array_start = .)
 *(SORT_BY_NAME(.fini_array.*))
 *(.fini_array*)
 .fini_array    0x00000000080041fc        0x4 c:/st/stm32cubeide_1.5.1/stm32cubeide/plugins/com.st.stm32cube.ide.mcu.externaltools.gnu-tools-for-stm32.9-2020-q2-update.win32_1.5.0.202011040924/tools/bin/../lib/gcc/arm-none-eabi/9.3.1/thumb/v6-m/nofp/crtbegin.o
                [!provide]                        PROVIDE (__fini_array_end = .)
                0x0000000008004200                . = ALIGN (0x4)
                0x0000000008004200                _sidata = LOADADDR (.data)

.data           0x0000000020000000       0x44 load address 0x0000000008004200
                0x0000000020000000                . = ALIGN (0x4)
                0x0000000020000000                _sdata = .
 *(.data)
 *(.data*)
 .data.txData   0x0000000020000000        0x5 Core/Src/main.o
                0x0000000020000000                txData
 .data.len      0x0000000020000005        0x1 Core/Src/main.o
                0x0000000020000005                len
 *fill*         0x0000000020000006        0x2 
 .data.SystemCoreClock
                0x0000000020000008        0x4 Core/Src/system_stm32f0xx.o
                0x0000000020000008                SystemCoreClock
 .data.CC1101_DefaultSettings
                0x000000002000000c       0x2f Drivers/CC1101/CC1101.o
                0x000000002000000c                CC1101_DefaultSettings
 *fill*         0x000000002000003b        0x1 
 .data.uwTickPrio
                0x000000002000003c        0x4 Drivers/STM32F0xx_HAL_Driver/Src/stm32f0xx_hal.o
                0x000000002000003c                uwTickPrio
 .data.uwTickFreq
                0x0000000020000040        0x1 Drivers/STM32F0xx_HAL_Driver/Src/stm32f0xx_hal.o
                0x0000000020000040                uwTickFreq
 *(.RamFunc)
 *(.RamFunc*)
                0x0000000020000044                . = ALIGN (0x4)
 *fill*         0x0000000020000041        0x3 
                0x0000000020000044                _edata = .

.igot.plt       0x0000000020000044        0x0 load address 0x0000000008004244
 .igot.plt      0x0000000020000044        0x0 c:/st/stm32cubeide_1.5.1/stm32cubeide/plugins/com.st.stm32cube.ide.mcu.externaltools.gnu-tools-for-stm32.9-2020-q2-update.win32_1.5.0.202011040924/tools/bin/../lib/gcc/arm-none-eabi/9.3.1/thumb/v6-m/nofp/crtbegin.o
                0x0000000020000044                . = ALIGN (0x4)

.bss            0x0000000020000044      0x158 load address 0x0000000008004244
                0x0000000020000044                _sbss = .
                0x0000000020000044                __bss_start__ = _sbss
 *(.bss)
 .bss           0x0000000020000044       0x1c c:/st/stm32cubeide_1.5.1/stm32cubeide/plugins/com.st.stm32cube.ide.mcu.externaltools.gnu-tools-for-stm32.9-2020-q2-update.win32_1.5.0.202011040924/tools/bin/../lib/gcc/arm-none-eabi/9.3.1/thumb/v6-m/nofp/crtbegin.o
 *(.bss*)
 .bss.start_time.6491
                0x0000000020000060        0x4 Core/Src/main.o
 .bss.txAddr    0x0000000020000064        0x1 Drivers/CC1101/CC1101.o
                0x0000000020000064                txAddr
 *(COMMON)
 *fill*         0x0000000020000065        0x3 
 COMMON         0x0000000020000068      0x130 Core/Src/main.o
                0x0000000020000068                huart1
                0x00000000200000ec                htim1
                0x0000000020000134                hspi1
 COMMON         0x0000000020000198        0x4 Drivers/STM32F0xx_HAL_Driver/Src/stm32f0xx_hal.o
                0x0000000020000198                uwTick
                0x000000002000019c                . = ALIGN (0x4)
                0x000000002000019c                _ebss = .
                0x000000002000019c                __bss_end__ = _ebss

._user_heap_stack
                0x000000002000019c      0x604 load address 0x0000000008004244
                0x00000000200001a0                . = ALIGN (0x8)
 *fill*         0x000000002000019c        0x4 
                [!provide]                        PROVIDE (end = .)
                0x00000000200001a0                PROVIDE (_end = .)
                0x00000000200003a0                . = (. + _Min_Heap_Size)
 *fill*         0x00000000200001a0      0x200 
                0x00000000200007a0                . = (. + _Min_Stack_Size)
 *fill*         0x00000000200003a0      0x400 
                0x00000000200007a0                . = ALIGN (0x8)

/DISCARD/
 libc.a(*)
 libm.a(*)
 libgcc.a(*)

.ARM.attributes
                0x0000000000000000       0x28
 *(.ARM.attributes)
 .ARM.attributes
                0x0000000000000000       0x1e c:/st/stm32cubeide_1.5.1/stm32cubeide/plugins/com.st.stm32cube.ide.mcu.externaltools.gnu-tools-for-stm32.9-2020-q2-update.win32_1.5.0.202011040924/tools/bin/../lib/gcc/arm-none-eabi/9.3.1/thumb/v6-m/nofp/crti.o
 .ARM.attributes
                0x000000000000001e       0x2c c:/st/stm32cubeide_1.5.1/stm32cubeide/plugins/com.st.stm32cube.ide.mcu.externaltools.gnu-tools-for-stm32.9-2020-q2-update.win32_1.5.0.202011040924/tools/bin/../lib/gcc/arm-none-eabi/9.3.1/thumb/v6-m/nofp/crtbegin.o
 .ARM.attributes
                0x000000000000004a       0x2c Core/Src/main.o
 .ARM.attributes
                0x0000000000000076       0x2c Core/Src/stm32f0xx_hal_msp.o
 .ARM.attributes
                0x00000000000000a2       0x2c Core/Src/stm32f0xx_it.o
 .ARM.attributes
                0x00000000000000ce       0x2c Core/Src/system_stm32f0xx.o
 .ARM.attributes
                0x00000000000000fa       0x21 Core/Startup/startup_stm32f042f6px.o
 .ARM.attributes
                0x000000000000011b       0x2c Drivers/CC1101/CC1101.o
 .ARM.attributes
                0x0000000000000147       0x2c Drivers/CC1101/CC1101_port.o
 .ARM.attributes
                0x0000000000000173       0x2c Drivers/STM32F0xx_HAL_Driver/Src/stm32f0xx_hal.o
 .ARM.attributes
                0x000000000000019f       0x2c Drivers/STM32F0xx_HAL_Driver/Src/stm32f0xx_hal_cortex.o
 .ARM.attributes
                0x00000000000001cb       0x2c Drivers/STM32F0xx_HAL_Driver/Src/stm32f0xx_hal_dma.o
 .ARM.attributes
                0x00000000000001f7       0x2c Drivers/STM32F0xx_HAL_Driver/Src/stm32f0xx_hal_gpio.o
 .ARM.attributes
                0x0000000000000223       0x2c Drivers/STM32F0xx_HAL_Driver/Src/stm32f0xx_hal_rcc.o
 .ARM.attributes
                0x000000000000024f       0x2c Drivers/STM32F0xx_HAL_Driver/Src/stm32f0xx_hal_rcc_ex.o
 .ARM.attributes
                0x000000000000027b       0x2c Drivers/STM32F0xx_HAL_Driver/Src/stm32f0xx_hal_spi.o
 .ARM.attributes
                0x00000000000002a7       0x2c Drivers/STM32F0xx_HAL_Driver/Src/stm32f0xx_hal_tim.o
 .ARM.attributes
                0x00000000000002d3       0x2c Drivers/STM32F0xx_HAL_Driver/Src/stm32f0xx_hal_tim_ex.o
 .ARM.attributes
                0x00000000000002ff       0x2c Drivers/STM32F0xx_HAL_Driver/Src/stm32f0xx_hal_uart.o
 .ARM.attributes
                0x000000000000032b       0x2c Drivers/STM32F0xx_HAL_Driver/Src/stm32f0xx_hal_uart_ex.o
 .ARM.attributes
                0x0000000000000357       0x2c c:/st/stm32cubeide_1.5.1/stm32cubeide/plugins/com.st.stm32cube.ide.mcu.externaltools.gnu-tools-for-stm32.9-2020-q2-update.win32_1.5.0.202011040924/tools/bin/../lib/gcc/arm-none-eabi/9.3.1/../../../../arm-none-eabi/lib/thumb/v6-m/nofp\libc_nano.a(lib_a-init.o)
 .ARM.attributes
                0x0000000000000383       0x2c c:/st/stm32cubeide_1.5.1/stm32cubeide/plugins/com.st.stm32cube.ide.mcu.externaltools.gnu-tools-for-stm32.9-2020-q2-update.win32_1.5.0.202011040924/tools/bin/../lib/gcc/arm-none-eabi/9.3.1/../../../../arm-none-eabi/lib/thumb/v6-m/nofp\libc_nano.a(lib_a-memset.o)
 .ARM.attributes
                0x00000000000003af       0x1e c:/st/stm32cubeide_1.5.1/stm32cubeide/plugins/com.st.stm32cube.ide.mcu.externaltools.gnu-tools-for-stm32.9-2020-q2-update.win32_1.5.0.202011040924/tools/bin/../lib/gcc/arm-none-eabi/9.3.1/thumb/v6-m/nofp\libgcc.a(_udivsi3.o)
 .ARM.attributes
                0x00000000000003cd       0x1e c:/st/stm32cubeide_1.5.1/stm32cubeide/plugins/com.st.stm32cube.ide.mcu.externaltools.gnu-tools-for-stm32.9-2020-q2-update.win32_1.5.0.202011040924/tools/bin/../lib/gcc/arm-none-eabi/9.3.1/thumb/v6-m/nofp\libgcc.a(_dvmd_tls.o)
 .ARM.attributes
                0x00000000000003eb       0x1e c:/st/stm32cubeide_1.5.1/stm32cubeide/plugins/com.st.stm32cube.ide.mcu.externaltools.gnu-tools-for-stm32.9-2020-q2-update.win32_1.5.0.202011040924/tools/bin/../lib/gcc/arm-none-eabi/9.3.1/thumb/v6-m/nofp/crtn.o
OUTPUT(CC1101_HAL_STM32.elf elf32-littlearm)
LOAD linker stubs
LOAD c:/st/stm32cubeide_1.5.1/stm32cubeide/plugins/com.st.stm32cube.ide.mcu.externaltools.gnu-tools-for-stm32.9-2020-q2-update.win32_1.5.0.202011040924/tools/bin/../lib/gcc/arm-none-eabi/9.3.1/../../../../arm-none-eabi/lib/thumb/v6-m/nofp\libc.a
LOAD c:/st/stm32cubeide_1.5.1/stm32cubeide/plugins/com.st.stm32cube.ide.mcu.externaltools.gnu-tools-for-stm32.9-2020-q2-update.win32_1.5.0.202011040924/tools/bin/../lib/gcc/arm-none-eabi/9.3.1/../../../../arm-none-eabi/lib/thumb/v6-m/nofp\libm.a
LOAD c:/st/stm32cubeide_1.5.1/stm32cubeide/plugins/com.st.stm32cube.ide.mcu.externaltools.gnu-tools-for-stm32.9-2020-q2-update.win32_1.5.0.202011040924/tools/bin/../lib/gcc/arm-none-eabi/9.3.1/thumb/v6-m/nofp\libgcc.a

.debug_info     0x0000000000000000    0x114a7
 .debug_info    0x0000000000000000     0x13c7 Core/Src/main.o
 .debug_info    0x00000000000013c7     0x1170 Core/Src/stm32f0xx_hal_msp.o
 .debug_info    0x0000000000002537      0xac0 Core/Src/stm32f0xx_it.o
 .debug_info    0x0000000000002ff7      0x2c3 Core/Src/system_stm32f0xx.o
 .debug_info    0x00000000000032ba       0x22 Core/Startup/startup_stm32f042f6px.o
 .debug_info    0x00000000000032dc      0xbac Drivers/CC1101/CC1101.o
 .debug_info    0x0000000000003e88      0x794 Drivers/CC1101/CC1101_port.o
 .debug_info    0x000000000000461c      0x6f4 Drivers/STM32F0xx_HAL_Driver/Src/stm32f0xx_hal.o
 .debug_info    0x0000000000004d10      0x7ca Drivers/STM32F0xx_HAL_Driver/Src/stm32f0xx_hal_cortex.o
 .debug_info    0x00000000000054da      0x814 Drivers/STM32F0xx_HAL_Driver/Src/stm32f0xx_hal_dma.o
 .debug_info    0x0000000000005cee      0x6ed Drivers/STM32F0xx_HAL_Driver/Src/stm32f0xx_hal_gpio.o
 .debug_info    0x00000000000063db      0x8b1 Drivers/STM32F0xx_HAL_Driver/Src/stm32f0xx_hal_rcc.o
 .debug_info    0x0000000000006c8c      0x6c6 Drivers/STM32F0xx_HAL_Driver/Src/stm32f0xx_hal_rcc_ex.o
 .debug_info    0x0000000000007352     0x17c1 Drivers/STM32F0xx_HAL_Driver/Src/stm32f0xx_hal_spi.o
 .debug_info    0x0000000000008b13     0x2bb3 Drivers/STM32F0xx_HAL_Driver/Src/stm32f0xx_hal_tim.o
 .debug_info    0x000000000000b6c6     0x1533 Drivers/STM32F0xx_HAL_Driver/Src/stm32f0xx_hal_tim_ex.o
 .debug_info    0x000000000000cbf9     0x3c1f Drivers/STM32F0xx_HAL_Driver/Src/stm32f0xx_hal_uart.o
 .debug_info    0x0000000000010818      0xc8f Drivers/STM32F0xx_HAL_Driver/Src/stm32f0xx_hal_uart_ex.o

.debug_abbrev   0x0000000000000000     0x248e
 .debug_abbrev  0x0000000000000000      0x29c Core/Src/main.o
 .debug_abbrev  0x000000000000029c      0x1c8 Core/Src/stm32f0xx_hal_msp.o
 .debug_abbrev  0x0000000000000464      0x176 Core/Src/stm32f0xx_it.o
 .debug_abbrev  0x00000000000005da      0x145 Core/Src/system_stm32f0xx.o
 .debug_abbrev  0x000000000000071f       0x12 Core/Startup/startup_stm32f042f6px.o
 .debug_abbrev  0x0000000000000731      0x240 Drivers/CC1101/CC1101.o
 .debug_abbrev  0x0000000000000971      0x19f Drivers/CC1101/CC1101_port.o
 .debug_abbrev  0x0000000000000b10      0x21e Drivers/STM32F0xx_HAL_Driver/Src/stm32f0xx_hal.o
 .debug_abbrev  0x0000000000000d2e      0x2a9 Drivers/STM32F0xx_HAL_Driver/Src/stm32f0xx_hal_cortex.o
 .debug_abbrev  0x0000000000000fd7      0x242 Drivers/STM32F0xx_HAL_Driver/Src/stm32f0xx_hal_dma.o
 .debug_abbrev  0x0000000000001219      0x1e8 Drivers/STM32F0xx_HAL_Driver/Src/stm32f0xx_hal_gpio.o
 .debug_abbrev  0x0000000000001401      0x23b Drivers/STM32F0xx_HAL_Driver/Src/stm32f0xx_hal_rcc.o
 .debug_abbrev  0x000000000000163c      0x1fa Drivers/STM32F0xx_HAL_Driver/Src/stm32f0xx_hal_rcc_ex.o
 .debug_abbrev  0x0000000000001836      0x254 Drivers/STM32F0xx_HAL_Driver/Src/stm32f0xx_hal_spi.o
 .debug_abbrev  0x0000000000001a8a      0x25e Drivers/STM32F0xx_HAL_Driver/Src/stm32f0xx_hal_tim.o
 .debug_abbrev  0x0000000000001ce8      0x266 Drivers/STM32F0xx_HAL_Driver/Src/stm32f0xx_hal_tim_ex.o
 .debug_abbrev  0x0000000000001f4e      0x2b1 Drivers/STM32F0xx_HAL_Driver/Src/stm32f0xx_hal_uart.o
 .debug_abbrev  0x00000000000021ff      0x28f Drivers/STM32F0xx_HAL_Driver/Src/stm32f0xx_hal_uart_ex.o

.debug_aranges  0x0000000000000000      0xfd8
 .debug_aranges
                0x0000000000000000       0x60 Core/Src/main.o
 .debug_aranges
                0x0000000000000060       0x50 Core/Src/stm32f0xx_hal_msp.o
 .debug_aranges
                0x00000000000000b0       0x50 Core/Src/stm32f0xx_it.o
 .debug_aranges
                0x0000000000000100       0x28 Core/Src/system_stm32f0xx.o
 .debug_aranges
                0x0000000000000128       0x28 Core/Startup/startup_stm32f042f6px.o
 .debug_aranges
                0x0000000000000150      0x150 Drivers/CC1101/CC1101.o
 .debug_aranges
                0x00000000000002a0       0x30 Drivers/CC1101/CC1101_port.o
 .debug_aranges
                0x00000000000002d0       0xd0 Drivers/STM32F0xx_HAL_Driver/Src/stm32f0xx_hal.o
 .debug_aranges
                0x00000000000003a0       0xc0 Drivers/STM32F0xx_HAL_Driver/Src/stm32f0xx_hal_cortex.o
 .debug_aranges
                0x0000000000000460       0x88 Drivers/STM32F0xx_HAL_Driver/Src/stm32f0xx_hal_dma.o
 .debug_aranges
                0x00000000000004e8       0x58 Drivers/STM32F0xx_HAL_Driver/Src/stm32f0xx_hal_gpio.o
 .debug_aranges
                0x0000000000000540       0x80 Drivers/STM32F0xx_HAL_Driver/Src/stm32f0xx_hal_rcc.o
 .debug_aranges
                0x00000000000005c0       0x78 Drivers/STM32F0xx_HAL_Driver/Src/stm32f0xx_hal_rcc_ex.o
 .debug_aranges
                0x0000000000000638      0x1d8 Drivers/STM32F0xx_HAL_Driver/Src/stm32f0xx_hal_spi.o
 .debug_aranges
                0x0000000000000810      0x3d0 Drivers/STM32F0xx_HAL_Driver/Src/stm32f0xx_hal_tim.o
 .debug_aranges
                0x0000000000000be0      0x168 Drivers/STM32F0xx_HAL_Driver/Src/stm32f0xx_hal_tim_ex.o
 .debug_aranges
                0x0000000000000d48      0x228 Drivers/STM32F0xx_HAL_Driver/Src/stm32f0xx_hal_uart.o
 .debug_aranges
                0x0000000000000f70       0x68 Drivers/STM32F0xx_HAL_Driver/Src/stm32f0xx_hal_uart_ex.o

.debug_ranges   0x0000000000000000      0xef0
 .debug_ranges  0x0000000000000000       0x50 Core/Src/main.o
 .debug_ranges  0x0000000000000050       0x40 Core/Src/stm32f0xx_hal_msp.o
 .debug_ranges  0x0000000000000090       0x40 Core/Src/stm32f0xx_it.o
 .debug_ranges  0x00000000000000d0       0x18 Core/Src/system_stm32f0xx.o
 .debug_ranges  0x00000000000000e8       0x20 Core/Startup/startup_stm32f042f6px.o
 .debug_ranges  0x0000000000000108      0x140 Drivers/CC1101/CC1101.o
 .debug_ranges  0x0000000000000248       0x20 Drivers/CC1101/CC1101_port.o
 .debug_ranges  0x0000000000000268       0xc0 Drivers/STM32F0xx_HAL_Driver/Src/stm32f0xx_hal.o
 .debug_ranges  0x0000000000000328       0xb0 Drivers/STM32F0xx_HAL_Driver/Src/stm32f0xx_hal_cortex.o
 .debug_ranges  0x00000000000003d8       0x78 Drivers/STM32F0xx_HAL_Driver/Src/stm32f0xx_hal_dma.o
 .debug_ranges  0x0000000000000450       0x48 Drivers/STM32F0xx_HAL_Driver/Src/stm32f0xx_hal_gpio.o
 .debug_ranges  0x0000000000000498       0x70 Drivers/STM32F0xx_HAL_Driver/Src/stm32f0xx_hal_rcc.o
 .debug_ranges  0x0000000000000508       0x68 Drivers/STM32F0xx_HAL_Driver/Src/stm32f0xx_hal_rcc_ex.o
 .debug_ranges  0x0000000000000570      0x1c8 Drivers/STM32F0xx_HAL_Driver/Src/stm32f0xx_hal_spi.o
 .debug_ranges  0x0000000000000738      0x3c0 Drivers/STM32F0xx_HAL_Driver/Src/stm32f0xx_hal_tim.o
 .debug_ranges  0x0000000000000af8      0x158 Drivers/STM32F0xx_HAL_Driver/Src/stm32f0xx_hal_tim_ex.o
 .debug_ranges  0x0000000000000c50      0x248 Drivers/STM32F0xx_HAL_Driver/Src/stm32f0xx_hal_uart.o
 .debug_ranges  0x0000000000000e98       0x58 Drivers/STM32F0xx_HAL_Driver/Src/stm32f0xx_hal_uart_ex.o

.debug_macro    0x0000000000000000    0x19359
 .debug_macro   0x0000000000000000      0x207 Core/Src/main.o
 .debug_macro   0x0000000000000207      0xa7e Core/Src/main.o
 .debug_macro   0x0000000000000c85      0x139 Core/Src/main.o
 .debug_macro   0x0000000000000dbe       0x2e Core/Src/main.o
 .debug_macro   0x0000000000000dec       0x22 Core/Src/main.o
 .debug_macro   0x0000000000000e0e       0x22 Core/Src/main.o
 .debug_macro   0x0000000000000e30       0x8e Core/Src/main.o
 .debug_macro   0x0000000000000ebe       0x51 Core/Src/main.o
 .debug_macro   0x0000000000000f0f      0x103 Core/Src/main.o
 .debug_macro   0x0000000000001012       0x6a Core/Src/main.o
 .debug_macro   0x000000000000107c      0x1df Core/Src/main.o
 .debug_macro   0x000000000000125b       0x1c Core/Src/main.o
 .debug_macro   0x0000000000001277       0x22 Core/Src/main.o
 .debug_macro   0x0000000000001299       0xb5 Core/Src/main.o
 .debug_macro   0x000000000000134e      0x391 Core/Src/main.o
 .debug_macro   0x00000000000016df     0xf1ed Core/Src/main.o
 .debug_macro   0x00000000000108cc       0x66 Core/Src/main.o
 .debug_macro   0x0000000000010932     0x34a6 Core/Src/main.o
 .debug_macro   0x0000000000013dd8      0x174 Core/Src/main.o
 .debug_macro   0x0000000000013f4c       0x55 Core/Src/main.o
 .debug_macro   0x0000000000013fa1      0x946 Core/Src/main.o
 .debug_macro   0x00000000000148e7      0x46b Core/Src/main.o
 .debug_macro   0x0000000000014d52      0x1af Core/Src/main.o
 .debug_macro   0x0000000000014f01      0x130 Core/Src/main.o
 .debug_macro   0x0000000000015031      0x199 Core/Src/main.o
 .debug_macro   0x00000000000151ca      0x1ed Core/Src/main.o
 .debug_macro   0x00000000000153b7       0x34 Core/Src/main.o
 .debug_macro   0x00000000000153eb       0x43 Core/Src/main.o
 .debug_macro   0x000000000001542e       0x28 Core/Src/main.o
 .debug_macro   0x0000000000015456       0xb0 Core/Src/main.o
 .debug_macro   0x0000000000015506      0x182 Core/Src/main.o
 .debug_macro   0x0000000000015688      0x22c Core/Src/main.o
 .debug_macro   0x00000000000158b4       0x61 Core/Src/main.o
 .debug_macro   0x0000000000015915       0xa5 Core/Src/main.o
 .debug_macro   0x00000000000159ba       0x4c Core/Src/main.o
 .debug_macro   0x0000000000015a06      0x15b Core/Src/main.o
 .debug_macro   0x0000000000015b61      0x2fe Core/Src/main.o
 .debug_macro   0x0000000000015e5f      0x8d8 Core/Src/main.o
 .debug_macro   0x0000000000016737       0x28 Core/Src/main.o
 .debug_macro   0x000000000001675f      0x5a5 Core/Src/main.o
 .debug_macro   0x0000000000016d04       0x44 Core/Src/main.o
 .debug_macro   0x0000000000016d48      0x12e Core/Src/main.o
 .debug_macro   0x0000000000016e76       0x40 Core/Src/main.o
 .debug_macro   0x0000000000016eb6      0x210 Core/Src/main.o
 .debug_macro   0x00000000000170c6      0x1e6 Core/Src/stm32f0xx_hal_msp.o
 .debug_macro   0x00000000000172ac      0x1f0 Core/Src/stm32f0xx_it.o
 .debug_macro   0x000000000001749c      0x1d7 Core/Src/system_stm32f0xx.o
 .debug_macro   0x0000000000017673      0x208 Drivers/CC1101/CC1101.o
 .debug_macro   0x000000000001787b      0x20a Drivers/CC1101/CC1101.o
 .debug_macro   0x0000000000017a85      0x22c Drivers/CC1101/CC1101.o
 .debug_macro   0x0000000000017cb1      0x1f6 Drivers/CC1101/CC1101_port.o
 .debug_macro   0x0000000000017ea7      0x1fb Drivers/STM32F0xx_HAL_Driver/Src/stm32f0xx_hal.o
 .debug_macro   0x00000000000180a2      0x1d7 Drivers/STM32F0xx_HAL_Driver/Src/stm32f0xx_hal_cortex.o
 .debug_macro   0x0000000000018279      0x1d7 Drivers/STM32F0xx_HAL_Driver/Src/stm32f0xx_hal_dma.o
 .debug_macro   0x0000000000018450      0x1de Drivers/STM32F0xx_HAL_Driver/Src/stm32f0xx_hal_gpio.o
 .debug_macro   0x000000000001862e      0x1e9 Drivers/STM32F0xx_HAL_Driver/Src/stm32f0xx_hal_rcc.o
 .debug_macro   0x0000000000018817      0x1e9 Drivers/STM32F0xx_HAL_Driver/Src/stm32f0xx_hal_rcc_ex.o
 .debug_macro   0x0000000000018a00      0x1df Drivers/STM32F0xx_HAL_Driver/Src/stm32f0xx_hal_spi.o
 .debug_macro   0x0000000000018bdf      0x1d8 Drivers/STM32F0xx_HAL_Driver/Src/stm32f0xx_hal_tim.o
 .debug_macro   0x0000000000018db7      0x1d7 Drivers/STM32F0xx_HAL_Driver/Src/stm32f0xx_hal_tim_ex.o
 .debug_macro   0x0000000000018f8e      0x1f4 Drivers/STM32F0xx_HAL_Driver/Src/stm32f0xx_hal_uart.o
 .debug_macro   0x0000000000019182      0x1d7 Drivers/STM32F0xx_HAL_Driver/Src/stm32f0xx_hal_uart_ex.o

.debug_line     0x0000000000000000    0x12225
 .debug_line    0x0000000000000000      0x9c0 Core/Src/main.o
 .debug_line    0x00000000000009c0      0x7ec Core/Src/stm32f0xx_hal_msp.o
 .debug_line    0x00000000000011ac      0x7a8 Core/Src/stm32f0xx_it.o
 .debug_line    0x0000000000001954      0x79b Core/Src/system_stm32f0xx.o
 .debug_line    0x00000000000020ef       0x9b Core/Startup/startup_stm32f042f6px.o
 .debug_line    0x000000000000218a      0xdbf Drivers/CC1101/CC1101.o
 .debug_line    0x0000000000002f49      0x755 Drivers/CC1101/CC1101_port.o
 .debug_line    0x000000000000369e      0x98e Drivers/STM32F0xx_HAL_Driver/Src/stm32f0xx_hal.o
 .debug_line    0x000000000000402c      0xa3a Drivers/STM32F0xx_HAL_Driver/Src/stm32f0xx_hal_cortex.o
 .debug_line    0x0000000000004a66      0xcaa Drivers/STM32F0xx_HAL_Driver/Src/stm32f0xx_hal_dma.o
 .debug_line    0x0000000000005710      0xaf8 Drivers/STM32F0xx_HAL_Driver/Src/stm32f0xx_hal_gpio.o
 .debug_line    0x0000000000006208      0xe1d Drivers/STM32F0xx_HAL_Driver/Src/stm32f0xx_hal_rcc.o
 .debug_line    0x0000000000007025      0xbcc Drivers/STM32F0xx_HAL_Driver/Src/stm32f0xx_hal_rcc_ex.o
 .debug_line    0x0000000000007bf1     0x1ea3 Drivers/STM32F0xx_HAL_Driver/Src/stm32f0xx_hal_spi.o
 .debug_line    0x0000000000009a94     0x3609 Drivers/STM32F0xx_HAL_Driver/Src/stm32f0xx_hal_tim.o
 .debug_line    0x000000000000d09d     0x18fb Drivers/STM32F0xx_HAL_Driver/Src/stm32f0xx_hal_tim_ex.o
 .debug_line    0x000000000000e998     0x2cb1 Drivers/STM32F0xx_HAL_Driver/Src/stm32f0xx_hal_uart.o
 .debug_line    0x0000000000011649      0xbdc Drivers/STM32F0xx_HAL_Driver/Src/stm32f0xx_hal_uart_ex.o

.debug_str      0x0000000000000000    0x90ed4
 .debug_str     0x0000000000000000    0x8d227 Core/Src/main.o
                                      0x8d5a5 (size before relaxing)
 .debug_str     0x000000000008d227      0x1ee Core/Src/stm32f0xx_hal_msp.o
                                      0x8cdc9 (size before relaxing)
 .debug_str     0x000000000008d415       0xa7 Core/Src/stm32f0xx_it.o
                                      0x8c9d0 (size before relaxing)
 .debug_str     0x000000000008d4bc       0x5f Core/Src/system_stm32f0xx.o
                                      0x8c210 (size before relaxing)
 .debug_str     0x000000000008d51b       0x36 Core/Startup/startup_stm32f042f6px.o
                                         0x5d (size before relaxing)
 .debug_str     0x000000000008d551      0x914 Drivers/CC1101/CC1101.o
                                      0x8d191 (size before relaxing)
 .debug_str     0x000000000008de65       0x80 Drivers/CC1101/CC1101_port.o
                                      0x8c6f6 (size before relaxing)
 .debug_str     0x000000000008dee5      0x30d Drivers/STM32F0xx_HAL_Driver/Src/stm32f0xx_hal.o
                                      0x8c73a (size before relaxing)
 .debug_str     0x000000000008e1f2      0x1f0 Drivers/STM32F0xx_HAL_Driver/Src/stm32f0xx_hal_cortex.o
                                      0x8c5ee (size before relaxing)
 .debug_str     0x000000000008e3e2      0x248 Drivers/STM32F0xx_HAL_Driver/Src/stm32f0xx_hal_dma.o
                                      0x8c5e8 (size before relaxing)
 .debug_str     0x000000000008e62a      0x151 Drivers/STM32F0xx_HAL_Driver/Src/stm32f0xx_hal_gpio.o
                                      0x8c3ef (size before relaxing)
 .debug_str     0x000000000008e77b      0x240 Drivers/STM32F0xx_HAL_Driver/Src/stm32f0xx_hal_rcc.o
                                      0x8c625 (size before relaxing)
 .debug_str     0x000000000008e9bb      0x2db Drivers/STM32F0xx_HAL_Driver/Src/stm32f0xx_hal_rcc_ex.o
                                      0x8c5ed (size before relaxing)
 .debug_str     0x000000000008ec96      0x57b Drivers/STM32F0xx_HAL_Driver/Src/stm32f0xx_hal_spi.o
                                      0x8cb60 (size before relaxing)
 .debug_str     0x000000000008f211      0xdd8 Drivers/STM32F0xx_HAL_Driver/Src/stm32f0xx_hal_tim.o
                                      0x8d5cb (size before relaxing)
 .debug_str     0x000000000008ffe9      0x4ee Drivers/STM32F0xx_HAL_Driver/Src/stm32f0xx_hal_tim_ex.o
                                      0x8cd7c (size before relaxing)
 .debug_str     0x00000000000904d7      0x85f Drivers/STM32F0xx_HAL_Driver/Src/stm32f0xx_hal_uart.o
                                      0x8cee4 (size before relaxing)
 .debug_str     0x0000000000090d36      0x19e Drivers/STM32F0xx_HAL_Driver/Src/stm32f0xx_hal_uart_ex.o
                                      0x8c7e5 (size before relaxing)

.comment        0x0000000000000000       0x53
 .comment       0x0000000000000000       0x53 Core/Src/main.o
                                         0x54 (size before relaxing)
 .comment       0x0000000000000053       0x54 Core/Src/stm32f0xx_hal_msp.o
 .comment       0x0000000000000053       0x54 Core/Src/stm32f0xx_it.o
 .comment       0x0000000000000053       0x54 Core/Src/system_stm32f0xx.o
 .comment       0x0000000000000053       0x54 Drivers/CC1101/CC1101.o
 .comment       0x0000000000000053       0x54 Drivers/CC1101/CC1101_port.o
 .comment       0x0000000000000053       0x54 Drivers/STM32F0xx_HAL_Driver/Src/stm32f0xx_hal.o
 .comment       0x0000000000000053       0x54 Drivers/STM32F0xx_HAL_Driver/Src/stm32f0xx_hal_cortex.o
 .comment       0x0000000000000053       0x54 Drivers/STM32F0xx_HAL_Driver/Src/stm32f0xx_hal_dma.o
 .comment       0x0000000000000053       0x54 Drivers/STM32F0xx_HAL_Driver/Src/stm32f0xx_hal_gpio.o
 .comment       0x0000000000000053       0x54 Drivers/STM32F0xx_HAL_Driver/Src/stm32f0xx_hal_rcc.o
 .comment       0x0000000000000053       0x54 Drivers/STM32F0xx_HAL_Driver/Src/stm32f0xx_hal_rcc_ex.o
 .comment       0x0000000000000053       0x54 Drivers/STM32F0xx_HAL_Driver/Src/stm32f0xx_hal_spi.o
 .comment       0x0000000000000053       0x54 Drivers/STM32F0xx_HAL_Driver/Src/stm32f0xx_hal_tim.o
 .comment       0x0000000000000053       0x54 Drivers/STM32F0xx_HAL_Driver/Src/stm32f0xx_hal_tim_ex.o
 .comment       0x0000000000000053       0x54 Drivers/STM32F0xx_HAL_Driver/Src/stm32f0xx_hal_uart.o
 .comment       0x0000000000000053       0x54 Drivers/STM32F0xx_HAL_Driver/Src/stm32f0xx_hal_uart_ex.o

.debug_frame    0x0000000000000000     0x3960
 .debug_frame   0x0000000000000000      0x124 Core/Src/main.o
 .debug_frame   0x0000000000000124       0xf0 Core/Src/stm32f0xx_hal_msp.o
 .debug_frame   0x0000000000000214       0xd4 Core/Src/stm32f0xx_it.o
 .debug_frame   0x00000000000002e8       0x4c Core/Src/system_stm32f0xx.o
 .debug_frame   0x0000000000000334      0x504 Drivers/CC1101/CC1101.o
 .debug_frame   0x0000000000000838       0x68 Drivers/CC1101/CC1101_port.o
 .debug_frame   0x00000000000008a0      0x2a4 Drivers/STM32F0xx_HAL_Driver/Src/stm32f0xx_hal.o
 .debug_frame   0x0000000000000b44      0x2a0 Drivers/STM32F0xx_HAL_Driver/Src/stm32f0xx_hal_cortex.o
 .debug_frame   0x0000000000000de4      0x1d0 Drivers/STM32F0xx_HAL_Driver/Src/stm32f0xx_hal_dma.o
 .debug_frame   0x0000000000000fb4      0x110 Drivers/STM32F0xx_HAL_Driver/Src/stm32f0xx_hal_gpio.o
 .debug_frame   0x00000000000010c4      0x198 Drivers/STM32F0xx_HAL_Driver/Src/stm32f0xx_hal_rcc.o
 .debug_frame   0x000000000000125c      0x180 Drivers/STM32F0xx_HAL_Driver/Src/stm32f0xx_hal_rcc_ex.o
 .debug_frame   0x00000000000013dc      0x710 Drivers/STM32F0xx_HAL_Driver/Src/stm32f0xx_hal_spi.o
 .debug_frame   0x0000000000001aec      0xf00 Drivers/STM32F0xx_HAL_Driver/Src/stm32f0xx_hal_tim.o
 .debug_frame   0x00000000000029ec      0x560 Drivers/STM32F0xx_HAL_Driver/Src/stm32f0xx_hal_tim_ex.o
 .debug_frame   0x0000000000002f4c      0x850 Drivers/STM32F0xx_HAL_Driver/Src/stm32f0xx_hal_uart.o
 .debug_frame   0x000000000000379c      0x158 Drivers/STM32F0xx_HAL_Driver/Src/stm32f0xx_hal_uart_ex.o
 .debug_frame   0x00000000000038f4       0x2c c:/st/stm32cubeide_1.5.1/stm32cubeide/plugins/com.st.stm32cube.ide.mcu.externaltools.gnu-tools-for-stm32.9-2020-q2-update.win32_1.5.0.202011040924/tools/bin/../lib/gcc/arm-none-eabi/9.3.1/../../../../arm-none-eabi/lib/thumb/v6-m/nofp\libc_nano.a(lib_a-init.o)
 .debug_frame   0x0000000000003920       0x20 c:/st/stm32cubeide_1.5.1/stm32cubeide/plugins/com.st.stm32cube.ide.mcu.externaltools.gnu-tools-for-stm32.9-2020-q2-update.win32_1.5.0.202011040924/tools/bin/../lib/gcc/arm-none-eabi/9.3.1/../../../../arm-none-eabi/lib/thumb/v6-m/nofp\libc_nano.a(lib_a-memset.o)
 .debug_frame   0x0000000000003940       0x20 c:/st/stm32cubeide_1.5.1/stm32cubeide/plugins/com.st.stm32cube.ide.mcu.externaltools.gnu-tools-for-stm32.9-2020-q2-update.win32_1.5.0.202011040924/tools/bin/../lib/gcc/arm-none-eabi/9.3.1/thumb/v6-m/nofp\libgcc.a(_udivsi3.o)
