CC1101.c:47:9:CC1101_GPIO_Prepare	8	static
CC1101.c:53:9:CC1101_Set_GDO0	16	static
CC1101.c:60:9:CC1101_Set_GDO2	16	static
CC1101.c:69:9:CC1101_Init	24	static
CC1101.c:87:9:CC1101_TransmitPacketPooling	24	static
CC1101.c:119:9:CC1101_TransmitPacketInt	24	static
CC1101.c:150:9:CC1101_GoToRX	8	static
CC1101.c:160:9:CC1101_GoToWOR	8	static
CC1101.c:172:9:CC1101_IsDataAvailable	8	static
CC1101.c:187:9:CC1101_ReadPacket	40	static
CC1101.c:217:9:CC1101_ReadStatus	24	static
CC1101.c:227:9:CC1101_ToIddle	8	static
CC1101.c:235:9:CC1101_ToSleep	8	static
CC1101.c:247:6:CC1101_SetISMband	24	static
CC1101.c:297:6:CC1101_SetBaseFreq	24	static
CC1101.c:330:6:CC1101_SetSynqWord	16	static
CC1101.c:339:6:CC1101_SetChannel	16	static
CC1101.c:346:6:CC1101_SetModulation	32	static
CC1101.c:356:6:CC1101_SetAttenuator	32	static
CC1101.c:366:6:CC1101_SetTXPower	32	static
CC1101.c:379:6:CC1101_SetAddressation	32	static
CC1101.c:395:6:CC1101_SetPacketLengthMode	24	static
CC1101.c:416:6:CC1101_SetAutoFlushRX	32	static
CC1101.c:426:6:CC1101_SetCalibr	32	static
CC1101.c:437:6:CC1101_SetAddStatus	32	static
CC1101.c:448:6:CC1101_SetDataRate	24	static
CC1101.c:459:6:CC1101_SetPreambuleMinSize	24	static
CC1101.c:469:6:CC1101_SetCRCmode	24	static
CC1101.c:479:6:CC1101_SetWhitening	24	static
CC1101.c:490:6:CC1101_SetFEC	24	static
CC1101.c:500:6:CC1101_SetPQI	24	static
CC1101.c:509:6:CC1101_setDeviation	32	static
CC1101.c:527:6:CC1101_SetCS_Thr	24	static
CC1101.c:535:9:__CC1101_ReadReg	32	static
CC1101.c:545:6:__CC1101_WriteReg	16	static
CC1101.c:553:6:__CC1101_BurstReadReg	32	static
CC1101.c:566:6:__CC1101_BurstWriteReg	32	static
CC1101.c:579:6:__CC1101_WriteCMD	16	static
CC1101.c:586:9:__CC1101_ReadStatusRegs	32	static
